\BOOKMARK [1][-]{section.1}{\376\377\173\054\116\000\172\340\000\040\175\322\212\326}{}% 1
\BOOKMARK [2][-]{subsection.1.1}{\376\377\170\024\172\166\200\314\146\157\202\007\122\325\152\137\377\032\000A\000I\000\040\173\227\122\233\216\315\120\231\172\366\214\375\202\007\151\165\226\120\154\064\200\027}{section.1}% 2
\BOOKMARK [2][-]{subsection.1.2}{\376\377\142\020\147\054\120\365\126\372\140\047\164\006\212\326\202\007\164\260\130\203\214\307\156\220\133\306\226\306\136\246}{section.1}% 3
\BOOKMARK [2][-]{subsection.1.3}{\376\377\170\024\172\166\122\325\152\137\202\007\170\024\172\166\125\117\230\114\141\017\213\130}{section.1}% 4
\BOOKMARK [3][-]{subsubsection.1.3.1}{\376\377\170\024\172\166\122\325\152\137\202\007\171\321\133\170\127\022\123\100\161\337\220\113\165\333\236\336}{subsection.1.3}% 5
\BOOKMARK [3][-]{subsubsection.1.3.2}{\376\377\170\024\172\166\125\117\230\114\141\017\213\130}{subsection.1.3}% 6
\BOOKMARK [2][-]{subsection.1.4}{\376\377\170\024\172\166\214\242\163\173}{section.1}% 7
\BOOKMARK [2][-]{subsection.1.5}{\376\377\212\326\145\207\175\120\151\313\133\211\143\222}{section.1}% 8
\BOOKMARK [1][-]{section.2}{\376\377\173\054\116\214\172\340\000\040\145\207\163\173\143\242\212\016\202\007\170\024\172\166\120\107\212\252}{}% 9
\BOOKMARK [2][-]{subsection.2.1}{\376\377\120\263\175\161\142\020\147\054\120\365\126\372\140\047\164\006\212\326\201\010\175\141\377\032\116\011\131\047\175\223\121\170\133\170\155\076}{section.2}% 10
\BOOKMARK [2][-]{subsection.2.2}{\376\377\164\260\130\203\145\077\173\126\130\323\122\233\202\007\214\307\156\220\212\277\145\164\142\020\147\054\377\032\000Z\000e\000n\000g\000,\000\040\000P\000e\000n\000g\000,\000\040\000a\000n\000d\000\040\000C\000h\000a\000n\000\040\000\050\0002\0000\0002\0004\000\051\000\040\211\226\211\322}{section.2}% 11
\BOOKMARK [2][-]{subsection.2.3}{\376\377\117\233\141\311\223\310\220\017\146\016\136\246\202\007\214\307\212\012\156\242\121\372\377\032\000J\000i\000a\000n\000g\000\040\000a\000n\000d\000\040\000Y\000a\000n\000g\000\040\000\050\0002\0000\0002\0004\000\051\000\040\211\226\211\322}{section.2}% 12
\BOOKMARK [2][-]{subsection.2.4}{\376\377\123\360\160\143\127\050\127\060\162\171\140\047\202\007\122\066\136\246\201\010\175\141\377\032\116\213\151\155\136\342\150\304\162\151\226\373\133\120\200\157\125\256\060\001\000G\000P\000S\000\040\216\314\215\341\166\343\143\247\202\007\154\325\220\165\124\010\175\004\122\133\140\047}{section.2}% 13
\BOOKMARK [3][-]{subsubsection.2.4.1}{\376\377\131\026\165\037\154\325\220\165\230\250\226\252\202\007\127\050\127\060\164\260\130\203\154\273\164\006\123\161\152\137\377\032\123\273\123\026\151\165\226\120\060\001\220\043\136\066\214\254\116\373\202\007\217\375\156\257\122\133\140\047}{subsection.2.4}% 14
\BOOKMARK [2][-]{subsection.2.5}{\376\377\164\260\130\203\214\307\156\220\117\177\165\050\133\306\226\306\136\246\202\007\170\024\172\166\120\107\212\252\143\250\134\016}{section.2}% 15
\BOOKMARK [3][-]{subsubsection.2.5.1}{\376\377\150\070\137\303\120\107\212\252\000\040\000H\0001\000a\377\032\165\050\154\064\133\306\226\306\136\246\134\015\142\020\147\054\236\317\140\047\116\113\122\240\122\207\145\110\147\234}{subsection.2.5}% 16
\BOOKMARK [3][-]{subsubsection.2.5.2}{\376\377\150\070\137\303\120\107\212\252\000\040\000H\0001\000b\377\032\116\213\151\155\136\342\150\304\162\151\133\306\226\306\136\246\134\015\142\020\147\054\236\317\140\047\116\113\122\240\122\207\202\007\146\102\225\223\220\136\136\366\145\110\147\234}{subsection.2.5}% 17
\BOOKMARK [3][-]{subsubsection.2.5.3}{\376\377\170\024\172\166\120\107\212\252\202\007\164\006\212\326\152\137\122\066\137\131\176\075}{subsection.2.5}% 18
\BOOKMARK [1][-]{section.3}{\376\377\173\054\116\011\172\340\000\040\214\307\145\231\143\317\217\360\202\007\170\024\172\166\145\271\154\325}{}% 19
\BOOKMARK [2][-]{subsection.3.1}{\376\377\214\307\145\231\117\206\156\220\202\007\152\043\147\054\173\351\220\170\155\101\172\013}{section.3}% 20
\BOOKMARK [2][-]{subsection.3.2}{\376\377\165\042\151\155\122\006\230\136\202\007\232\330\200\027\154\064\000/\232\330\154\141\147\323\165\042\151\155\122\203\122\006\152\031\156\226}{section.3}% 21
\BOOKMARK [2][-]{subsection.3.3}{\376\377\212\010\221\317\133\346\213\111\152\041\127\213\212\055\212\010}{section.3}% 22
\BOOKMARK [2][-]{subsection.3.4}{\376\377\213\212\145\170\212\252\146\016\202\007\210\141\221\317\134\015\161\147}{section.3}% 23
\BOOKMARK [1][-]{section.4}{\376\377\173\054\126\333\172\340\000\040\133\346\213\111\175\120\147\234\202\007\155\361\121\145\211\343\147\220}{}% 24
\BOOKMARK [2][-]{subsection.4.1}{\376\377\145\130\217\360\140\047\175\161\212\010\122\006\147\220}{section.4}% 25
\BOOKMARK [2][-]{subsection.4.2}{\376\377\166\370\225\334\117\302\145\170\167\351\226\143\202\007\212\072\145\267}{section.4}% 26
\BOOKMARK [2][-]{subsection.4.3}{\376\377\142\020\147\054\236\317\140\047\116\073\217\364\153\170\175\120\147\234\202\007\212\163\175\060\211\343\147\220}{section.4}% 27
\BOOKMARK [2][-]{subsection.4.4}{\376\377\146\102\225\223\204\075\135\356\145\110\141\311\155\361\134\144\152\137\122\066\211\343\147\220\000\040\000\050\165\166\147\037\000\040\000t\000\040\000v\000s\000.\000\040\220\136\136\366\147\037\000\040\000t\000-\0001\000,\000\040\000t\000-\0002\000\051}{section.4}% 28
\BOOKMARK [3][-]{subsubsection.4.4.1}{\376\377\165\050\154\064\133\306\226\306\136\246\116\113\165\166\147\037\123\163\146\102\166\174\221\165\152\137\122\066\155\361\136\246\122\126\147\220\000\040\000\050\000b\000e\000t\000a\0003\000\040\000=\000\040\000-\0000\000.\0000\0009\0001\0004\000,\000\040\000p\000\040\000<\000\040\0000\000.\0000\0005\000\051}{subsection.4.4}% 29
\BOOKMARK [3][-]{subsubsection.4.4.2}{\376\377\136\342\150\304\162\151\133\306\226\306\136\246\116\113\220\136\136\366\116\000\147\037\166\174\221\165\152\137\122\066\155\361\136\246\122\126\147\220\000\040\000\050\000b\000e\000t\000a\0003\000\040\000=\000\040\000-\0000\000.\0000\0005\0000\0003\000,\000\040\000p\000\040\000<\000\040\0000\000.\0000\0001\000\051}{subsection.4.4}% 30
\BOOKMARK [2][-]{subsection.4.5}{\376\377\165\042\151\155\165\160\214\352\140\047\155\361\121\145\122\006\147\220\377\010\232\330\200\027\154\064\000/\232\330\154\141\147\323\000\040\000v\000s\000.\000\040\117\116\200\027\154\064\000/\117\116\154\141\147\323\377\011}{section.4}% 31
\BOOKMARK [2][-]{subsection.4.6}{\376\377\133\346\213\111\134\015\153\324\122\126\147\220\377\032\133\346\214\352\142\225\121\145\000\040\000v\000s\000.\000\040\137\142\137\017\143\355\227\062\202\007\210\301\177\160\152\031\156\226\123\026}{section.4}% 32
\BOOKMARK [2][-]{subsection.4.7}{\376\377\175\223\157\337\202\007\142\060\165\145\141\017\155\265\175\234\124\010\211\343\147\220}{section.4}% 33
\BOOKMARK [1][-]{section.5}{\376\377\173\054\116\224\172\340\000\040\175\120\212\326\202\007\136\372\213\160}{}% 34
\BOOKMARK [2][-]{subsection.5.1}{\376\377\170\024\172\166\175\120\212\326}{section.5}% 35
\BOOKMARK [2][-]{subsection.5.2}{\376\377\164\006\212\326\202\007\133\170\210\123\214\242\163\173}{section.5}% 36
\BOOKMARK [2][-]{subsection.5.3}{\376\377\173\241\164\006\133\346\122\331\136\372\213\160\377\032\173\227\122\233\144\364\137\065\000\040\000v\000s\000.\000\040\154\064\200\027\122\133\140\047\214\241\122\331\230\250\226\252\212\125\117\060}{section.5}% 37
\BOOKMARK [2][-]{subsection.5.4}{\376\377\145\077\173\126\122\066\133\232\202\007\166\343\173\241\141\017\155\265\377\032\221\321\173\241\147\003\143\355\227\062\152\031\156\226\202\007\127\022\123\100\221\115\230\115\133\351\147\345}{section.5}% 38
\BOOKMARK [2][-]{subsection.5.5}{\376\377\170\024\172\166\226\120\122\066\202\007\147\052\117\206\170\024\172\166\145\271\124\021}{section.5}% 39
\BOOKMARK [1][-]{Item.33}{\376\377\123\303\200\003\145\207\163\173}{}% 40
\BOOKMARK [1][-]{Item.73}{\376\377\226\104\223\004\377\032\213\212\145\170\133\232\177\251\202\007\214\307\145\231\117\206\156\220\134\015\161\147\210\150}{}% 41
